// Jest Snapshot v1, https://goo.gl/fbAQLP

exports[`should render edit expense page correctly 1`] = `
<div>
  <ExpenseForm
    expense={
      Object {
        "amount": 1200,
        "createdAt": 5,
        "description": "Some 2",
        "id": "two2",
        "note": "Some note 2",
      }
    }
    onSubmit={[Function]}
  />
  <button
    onClick={[Function]}
  >
    Remove
  </button>
</div>
`;
