// Jest Snapshot v1, https://goo.gl/fbAQLP

exports[`should render header  1`] = `
<div>
  <h1>
    Header
  </h1>
  <NavLink
    activeClassName="active"
    ariaCurrent="true"
    exact={true}
    to="/"
  >
    DashBoard
  </NavLink>
  <NavLink
    activeClassName="active"
    ariaCurrent="true"
    exact={true}
    to="/createExpense"
  >
    Create Expense
  </NavLink>
  <NavLink
    activeClassName="active"
    ariaCurrent="true"
    exact={true}
    to="/help"
  >
    Help
  </NavLink>
</div>
`;
